
kristeen@kristeen-PC MINGW64 ~/desktop/git_practice (master)
$ cd ..

kristeen@kristeen-PC MINGW64 ~/desktop
$ clear

kristeen@kristeen-PC MINGW64 ~/desktop
$ cd DojoAssignments

kristeen@kristeen-PC MINGW64 ~/desktop/DojoAssignments
$ git init
Initialized empty Git repository in C:/Users/kristeen/Desktop/DojoAssign                                                                                                                        ments/.git/

kristeen@kristeen-PC MINGW64 ~/desktop/DojoAssignments (master)
$ git add .

kristeen@kristeen-PC MINGW64 ~/desktop/DojoAssignments (master)
$ git m- "created git repository"
git: 'm-' is not a git command. See 'git --help'.

Did you mean this?
        mv

kristeen@kristeen-PC MINGW64 ~/desktop/DojoAssignments (master)
$ git -m "created git repository"
Unknown option: -m
usage: git [--version] [--help] [-C <path>] [-c name=value]
           [--exec-path[=<path>]] [--html-path] [--man-path] [--info-pat                                                                                                                        h]
           [-p | --paginate | --no-pager] [--no-replace-objects] [--bare                                                                                                                        ]
           [--git-dir=<path>] [--work-tree=<path>] [--namespace=<name>]
           <command> [<args>]

kristeen@kristeen-PC MINGW64 ~/desktop/DojoAssignments (master)
$ git commit -m "created git repository"
[master (root-commit) 512d4ec] created git repository
 11 files changed, 0 insertions(+), 0 deletions(-)
 create mode 100644 MEAN/about.txt
 create mode 100644 Python/about.txt
 create mode 100644 Ruby/about.txt
 create mode 100644 WebFundamentals/CSS/about.txt
 create mode 100644 WebFundamentals/Git/about.txt
 create mode 100644 WebFundamentals/HTML/about.txt
 create mode 100644 WebFundamentals/HTML/indentation.html
 create mode 100644 WebFundamentals/Javascript/about.txt
 create mode 100644 WebFundamentals/about.txt
 create mode 100644 iOS/about.txt
 create mode 100644 netCore/about.txt

kristeen@kristeen-PC MINGW64 ~/desktop/DojoAssignments (master)
$ ^V
bash: $'\026': command not found

kristeen@kristeen-PC MINGW64 ~/desktop/DojoAssignments (master)
$ git remote add origin https://github.com/kristeencal/DojoAssignments.g                                                                                                                        it

kristeen@kristeen-PC MINGW64 ~/desktop/DojoAssignments (master)
$ git push -u origin master

git add README.md
Counting objects: 6, done.
Delta compression using up to 4 threads.
Compressing objects: 100% (4/4), done.
Writing objects: 100% (6/6), 529 bytes | 0 bytes/s, done.
Total 6 (delta 0), reused 0 (delta 0)
Branch master set up to track remote branch master from origin.
To https://github.com/kristeencal/DojoAssignments.git
 * [new branch]      master -> master

kristeen@kristeen-PC MINGW64 ~/desktop/DojoAssignments (master)
$

kristeen@kristeen-PC MINGW64 ~/desktop/DojoAssignments (master)
$ git add README.md
fatal: pathspec 'README.md' did not match any files

kristeen@kristeen-PC MINGW64 ~/desktop/DojoAssignments (master)
$ git add REAME.md
fatal: pathspec 'REAME.md' did not match any files

kristeen@kristeen-PC MINGW64 ~/desktop/DojoAssignments (master)
$ git add README.md
fatal: pathspec 'README.md' did not match any files

kristeen@kristeen-PC MINGW64 ~/desktop/DojoAssignments (master)
$ touch README.md

kristeen@kristeen-PC MINGW64 ~/desktop/DojoAssignments (master)
$ git add README.md

kristeen@kristeen-PC MINGW64 ~/desktop/DojoAssignments (master)
$ git status
On branch master
Your branch is up-to-date with 'origin/master'.
Changes to be committed:
  (use "git reset HEAD <file>..." to unstage)

        new file:   README.md


kristeen@kristeen-PC MINGW64 ~/desktop/DojoAssignments (master)
$ git commit -m "added readme file"
[master ac67d90] added readme file
 1 file changed, 0 insertions(+), 0 deletions(-)
 create mode 100644 README.md

kristeen@kristeen-PC MINGW64 ~/desktop/DojoAssignments (master)
$ git push -u origin master
Counting objects: 2, done.
Delta compression using up to 4 threads.
Compressing objects: 100% (2/2), done.
Writing objects: 100% (2/2), 269 bytes | 0 bytes/s, done.
Total 2 (delta 1), reused 0 (delta 0)
remote: Resolving deltas: 100% (1/1), completed with 1 local objects.
Branch master set up to track remote branch master from origin.
To https://github.com/kristeencal/DojoAssignments.git
